Processing...
Done!

===== Feature Summary =====
Node feature dimension: 10
Edge feature dimension: 3
===========================

Epoch 1/300, Train RMSE: 1.1679, Test RMSE: 1.0926
Epoch 2/300, Train RMSE: 1.0987, Test RMSE: 1.1253
Epoch 3/300, Train RMSE: 1.0798, Test RMSE: 1.0824
Epoch 4/300, Train RMSE: 1.0600, Test RMSE: 1.0898
Epoch 5/300, Train RMSE: 1.0601, Test RMSE: 1.1025
Epoch 6/300, Train RMSE: 1.0644, Test RMSE: 1.0584
Epoch 7/300, Train RMSE: 1.0439, Test RMSE: 1.0781
Epoch 8/300, Train RMSE: 1.0471, Test RMSE: 1.0437
Epoch 9/300, Train RMSE: 1.0253, Test RMSE: 1.0334
Epoch 10/300, Train RMSE: 1.0334, Test RMSE: 1.0173
Epoch 11/300, Train RMSE: 1.0165, Test RMSE: 1.0331
Epoch 12/300, Train RMSE: 0.9717, Test RMSE: 0.9375
Epoch 13/300, Train RMSE: 0.9162, Test RMSE: 0.9007
Epoch 14/300, Train RMSE: 0.8901, Test RMSE: 0.8672
Epoch 15/300, Train RMSE: 0.8919, Test RMSE: 0.8431
Epoch 16/300, Train RMSE: 0.8420, Test RMSE: 0.7807
Epoch 17/300, Train RMSE: 0.8285, Test RMSE: 0.7961
Epoch 18/300, Train RMSE: 0.8229, Test RMSE: 0.7601
Epoch 19/300, Train RMSE: 0.7958, Test RMSE: 0.7271
Epoch 20/300, Train RMSE: 0.7949, Test RMSE: 0.7404
Epoch 21/300, Train RMSE: 0.7735, Test RMSE: 0.7535
Epoch 22/300, Train RMSE: 0.7745, Test RMSE: 0.7263
Epoch 23/300, Train RMSE: 0.7626, Test RMSE: 0.6964
Epoch 24/300, Train RMSE: 0.7586, Test RMSE: 0.7045
Epoch 25/300, Train RMSE: 0.7518, Test RMSE: 0.7088
Epoch 26/300, Train RMSE: 0.7541, Test RMSE: 0.6850
Epoch 27/300, Train RMSE: 0.7372, Test RMSE: 0.6911
Epoch 28/300, Train RMSE: 0.7350, Test RMSE: 0.6822
Epoch 29/300, Train RMSE: 0.7348, Test RMSE: 0.6645
Epoch 30/300, Train RMSE: 0.7111, Test RMSE: 0.6785
Epoch 31/300, Train RMSE: 0.7088, Test RMSE: 0.6852
Epoch 32/300, Train RMSE: 0.7124, Test RMSE: 0.6524
Epoch 33/300, Train RMSE: 0.7121, Test RMSE: 0.6651
Epoch 34/300, Train RMSE: 0.6991, Test RMSE: 0.6622
Epoch 35/300, Train RMSE: 0.7075, Test RMSE: 0.6777
Epoch 36/300, Train RMSE: 0.6978, Test RMSE: 0.6820
Epoch 37/300, Train RMSE: 0.6820, Test RMSE: 0.6516
Epoch 38/300, Train RMSE: 0.6813, Test RMSE: 0.6615
Epoch 39/300, Train RMSE: 0.6714, Test RMSE: 0.6323
Epoch 40/300, Train RMSE: 0.6640, Test RMSE: 0.6296
Epoch 41/300, Train RMSE: 0.6644, Test RMSE: 0.6231
Epoch 42/300, Train RMSE: 0.6457, Test RMSE: 0.6049
Epoch 43/300, Train RMSE: 0.6499, Test RMSE: 0.6121
Epoch 44/300, Train RMSE: 0.6545, Test RMSE: 0.6050
Epoch 45/300, Train RMSE: 0.6531, Test RMSE: 0.6117
Epoch 46/300, Train RMSE: 0.6393, Test RMSE: 0.6035
Epoch 47/300, Train RMSE: 0.6248, Test RMSE: 0.6231
Epoch 48/300, Train RMSE: 0.6273, Test RMSE: 0.6201
Epoch 49/300, Train RMSE: 0.6345, Test RMSE: 0.6130
Epoch 50/300, Train RMSE: 0.6253, Test RMSE: 0.6082
Epoch 51/300, Train RMSE: 0.6159, Test RMSE: 0.6207
Epoch 52/300, Train RMSE: 0.6058, Test RMSE: 0.6261
Epoch 53/300, Train RMSE: 0.6069, Test RMSE: 0.6054
Epoch 54/300, Train RMSE: 0.6085, Test RMSE: 0.6302
Epoch 55/300, Train RMSE: 0.6042, Test RMSE: 0.5865
Epoch 56/300, Train RMSE: 0.5903, Test RMSE: 0.5822
Epoch 57/300, Train RMSE: 0.5915, Test RMSE: 0.5831
Epoch 58/300, Train RMSE: 0.5814, Test RMSE: 0.6042
Epoch 59/300, Train RMSE: 0.5857, Test RMSE: 0.5752
Epoch 60/300, Train RMSE: 0.5759, Test RMSE: 0.6212
Epoch 61/300, Train RMSE: 0.5836, Test RMSE: 0.5876
Epoch 62/300, Train RMSE: 0.5736, Test RMSE: 0.6161
Epoch 63/300, Train RMSE: 0.5684, Test RMSE: 0.5703
Epoch 64/300, Train RMSE: 0.5599, Test RMSE: 0.5946
Epoch 65/300, Train RMSE: 0.5575, Test RMSE: 0.6199
Epoch 66/300, Train RMSE: 0.5661, Test RMSE: 0.6408
Epoch 67/300, Train RMSE: 0.5494, Test RMSE: 0.5751
Epoch 68/300, Train RMSE: 0.5451, Test RMSE: 0.5870
Epoch 69/300, Train RMSE: 0.5513, Test RMSE: 0.5818
Epoch 70/300, Train RMSE: 0.5433, Test RMSE: 0.5565
Epoch 71/300, Train RMSE: 0.5319, Test RMSE: 0.5897
Epoch 72/300, Train RMSE: 0.5374, Test RMSE: 0.5691
Epoch 73/300, Train RMSE: 0.5308, Test RMSE: 0.5798
Epoch 74/300, Train RMSE: 0.5200, Test RMSE: 0.5737
Epoch 75/300, Train RMSE: 0.5172, Test RMSE: 0.5581
Epoch 76/300, Train RMSE: 0.5153, Test RMSE: 0.5946
Epoch 77/300, Train RMSE: 0.5182, Test RMSE: 0.5709
Epoch 78/300, Train RMSE: 0.5134, Test RMSE: 0.6070
Epoch 79/300, Train RMSE: 0.5058, Test RMSE: 0.5899
Epoch 80/300, Train RMSE: 0.4951, Test RMSE: 0.5719
Epoch 81/300, Train RMSE: 0.5045, Test RMSE: 0.5580
Epoch 82/300, Train RMSE: 0.5048, Test RMSE: 0.5799
Epoch 83/300, Train RMSE: 0.4956, Test RMSE: 0.5702
Epoch 84/300, Train RMSE: 0.4944, Test RMSE: 0.5608
Epoch 85/300, Train RMSE: 0.4937, Test RMSE: 0.5709
Epoch 86/300, Train RMSE: 0.4877, Test RMSE: 0.5847
Epoch 87/300, Train RMSE: 0.4834, Test RMSE: 0.5988
Epoch 88/300, Train RMSE: 0.4824, Test RMSE: 0.5785
Epoch 89/300, Train RMSE: 0.4743, Test RMSE: 0.5618
Epoch 90/300, Train RMSE: 0.4809, Test RMSE: 0.5801
Early stopping triggered.

📘 Final Performance Metrics
----------------------------------------
Train MAE   : 0.3245
Test  MAE   : 0.4179
Train MSE   : 0.1832
Test  MSE   : 0.3097
Train RMSE  : 0.4281
Test  RMSE  : 0.5565
Train R²    : 0.8705
Test  R²    : 0.8000
----------------------------------------
Execution time: 2.55 minutes
