
FOLD 0 ----------------------------
Epoch 000: Train RMSE = 1.3009, Val RMSE = 1.2385
Epoch 010: Train RMSE = 0.5947, Val RMSE = 0.6594
Epoch 020: Train RMSE = 0.5100, Val RMSE = 0.6308
Epoch 030: Train RMSE = 0.4523, Val RMSE = 0.5537
Epoch 040: Train RMSE = 0.4557, Val RMSE = 0.5493
Epoch 050: Train RMSE = 0.3879, Val RMSE = 0.5262
Epoch 060: Train RMSE = 0.3670, Val RMSE = 0.5232
Epoch 070: Train RMSE = 0.3439, Val RMSE = 0.5512
Epoch 080: Train RMSE = 0.3309, Val RMSE = 0.5273
Epoch 090: Train RMSE = 0.3217, Val RMSE = 0.5434
Epoch 100: Train RMSE = 0.3074, Val RMSE = 0.5394
Early stopping triggered.
Fold 0 R2 score: 0.8978, RMSE: 0.5362, MAE: 0.3406, MSE: 0.2875
Fold 0 completed in 662.16 seconds.

FOLD 1 ----------------------------
Epoch 000: Train RMSE = 1.3053, Val RMSE = 1.3545
Epoch 010: Train RMSE = 0.6105, Val RMSE = 0.6635
Epoch 020: Train RMSE = 0.5046, Val RMSE = 0.6289
Epoch 030: Train RMSE = 0.4562, Val RMSE = 0.5603
Epoch 040: Train RMSE = 0.4170, Val RMSE = 0.5929
Epoch 050: Train RMSE = 0.3856, Val RMSE = 0.5245
Epoch 060: Train RMSE = 0.3662, Val RMSE = 0.5946
Epoch 070: Train RMSE = 0.3520, Val RMSE = 0.5302
Early stopping triggered.
Fold 1 R2 score: 0.8948, RMSE: 0.5440, MAE: 0.3731, MSE: 0.2959
Fold 1 completed in 501.32 seconds.

FOLD 2 ----------------------------
Epoch 000: Train RMSE = 1.3095, Val RMSE = 1.3376
Epoch 010: Train RMSE = 0.6409, Val RMSE = 0.6852
Epoch 020: Train RMSE = 0.5258, Val RMSE = 0.5824
Epoch 030: Train RMSE = 0.4795, Val RMSE = 0.6068
Epoch 040: Train RMSE = 0.4252, Val RMSE = 0.5353
Epoch 050: Train RMSE = 0.4131, Val RMSE = 0.4976
Epoch 060: Train RMSE = 0.3779, Val RMSE = 0.4959
Epoch 070: Train RMSE = 0.3575, Val RMSE = 0.5042
Epoch 080: Train RMSE = 0.3392, Val RMSE = 0.5006
Epoch 090: Train RMSE = 0.3219, Val RMSE = 0.4987
Epoch 100: Train RMSE = 0.3181, Val RMSE = 0.4993
Epoch 110: Train RMSE = 0.3009, Val RMSE = 0.4946
Epoch 120: Train RMSE = 0.2891, Val RMSE = 0.4990
Epoch 130: Train RMSE = 0.3379, Val RMSE = 0.5032
Epoch 140: Train RMSE = 0.2837, Val RMSE = 0.4919
Epoch 150: Train RMSE = 0.2695, Val RMSE = 0.4961
Early stopping triggered.
Fold 2 R2 score: 0.9170, RMSE: 0.5100, MAE: 0.3430, MSE: 0.2601
Fold 2 completed in 995.34 seconds.

FOLD 3 ----------------------------
Epoch 000: Train RMSE = 1.2979, Val RMSE = 1.2265
Epoch 010: Train RMSE = 0.6284, Val RMSE = 0.6834
Epoch 020: Train RMSE = 0.5280, Val RMSE = 0.5795
Epoch 030: Train RMSE = 0.4666, Val RMSE = 0.5567
Epoch 040: Train RMSE = 0.4244, Val RMSE = 0.5823
Epoch 050: Train RMSE = 0.3866, Val RMSE = 0.5128
Epoch 060: Train RMSE = 0.3514, Val RMSE = 0.5364
Epoch 070: Train RMSE = 0.3429, Val RMSE = 0.5392
Epoch 080: Train RMSE = 0.3249, Val RMSE = 0.5264
Epoch 090: Train RMSE = 0.3094, Val RMSE = 0.5134
Epoch 100: Train RMSE = 0.3017, Val RMSE = 0.5054
Epoch 110: Train RMSE = 0.2883, Val RMSE = 0.5020
Epoch 120: Train RMSE = 0.2875, Val RMSE = 0.5068
Epoch 130: Train RMSE = 0.2716, Val RMSE = 0.5158
Epoch 140: Train RMSE = 0.2690, Val RMSE = 0.5224
Epoch 150: Train RMSE = 0.3022, Val RMSE = 0.5205
Epoch 160: Train RMSE = 0.2722, Val RMSE = 0.5302
Early stopping triggered.
Fold 3 R2 score: 0.9104, RMSE: 0.5113, MAE: 0.3423, MSE: 0.2614
Fold 3 completed in 1060.13 seconds.

FOLD 4 ----------------------------
Epoch 000: Train RMSE = 1.2517, Val RMSE = 1.1505
Epoch 010: Train RMSE = 0.5949, Val RMSE = 0.7124
Epoch 020: Train RMSE = 0.5092, Val RMSE = 0.5895
Epoch 030: Train RMSE = 0.4417, Val RMSE = 0.5955
Epoch 040: Train RMSE = 0.4065, Val RMSE = 0.5496
Epoch 050: Train RMSE = 0.3836, Val RMSE = 0.5473
Epoch 060: Train RMSE = 0.3562, Val RMSE = 0.5593
Epoch 070: Train RMSE = 0.3373, Val RMSE = 0.5495
Epoch 080: Train RMSE = 0.3190, Val RMSE = 0.5398
Epoch 090: Train RMSE = 0.3070, Val RMSE = 0.5377
Epoch 100: Train RMSE = 0.2989, Val RMSE = 0.5495
Epoch 110: Train RMSE = 0.2858, Val RMSE = 0.5426
Epoch 120: Train RMSE = 0.2792, Val RMSE = 0.5509
Epoch 130: Train RMSE = 0.2722, Val RMSE = 0.5699
Epoch 140: Train RMSE = 0.2650, Val RMSE = 0.5341
Epoch 150: Train RMSE = 0.2593, Val RMSE = 0.5590
Early stopping triggered.
Fold 4 R2 score: 0.8944, RMSE: 0.5531, MAE: 0.3618, MSE: 0.3059
Fold 4 completed in 996.80 seconds.

Final Cross-Validation Results:
Average R2:  0.9029 ± 0.0092
Average RMSE: 0.5309 ± 0.0174
Average MAE:  0.3522 ± 0.0130
Average MSE:  0.2822 ± 0.0184
Total execution time: 4215.75 seconds
