✅ Loaded dataset: 17921 molecules
Epoch 1/300, Train RMSE: 1.4400, Test RMSE: 1.1959
Epoch 2/300, Train RMSE: 1.1286, Test RMSE: 1.0110
Epoch 3/300, Train RMSE: 0.9853, Test RMSE: 0.9753
Epoch 4/300, Train RMSE: 0.9020, Test RMSE: 0.8431
Epoch 5/300, Train RMSE: 0.8544, Test RMSE: 0.7898
Epoch 6/300, Train RMSE: 0.8134, Test RMSE: 0.7663
Epoch 7/300, Train RMSE: 0.7774, Test RMSE: 0.7101
Epoch 8/300, Train RMSE: 0.7622, Test RMSE: 0.7579
Epoch 9/300, Train RMSE: 0.7141, Test RMSE: 0.6647
Epoch 10/300, Train RMSE: 0.6899, Test RMSE: 0.6537
Epoch 11/300, Train RMSE: 0.7039, Test RMSE: 0.6440
Epoch 12/300, Train RMSE: 0.6626, Test RMSE: 0.6790
Epoch 13/300, Train RMSE: 0.6543, Test RMSE: 0.6345
Epoch 14/300, Train RMSE: 0.6653, Test RMSE: 0.5970
Epoch 15/300, Train RMSE: 0.6286, Test RMSE: 0.5971
Epoch 16/300, Train RMSE: 0.6052, Test RMSE: 0.5911
Epoch 17/300, Train RMSE: 0.6023, Test RMSE: 0.5833
Epoch 18/300, Train RMSE: 0.5936, Test RMSE: 0.5841
Epoch 19/300, Train RMSE: 0.5908, Test RMSE: 0.5834
Epoch 20/300, Train RMSE: 0.5907, Test RMSE: 0.5733
Epoch 21/300, Train RMSE: 0.5642, Test RMSE: 0.5708
Epoch 22/300, Train RMSE: 0.5618, Test RMSE: 0.5553
Epoch 23/300, Train RMSE: 0.5445, Test RMSE: 0.5844
Epoch 24/300, Train RMSE: 0.5471, Test RMSE: 0.5610
Epoch 25/300, Train RMSE: 0.5595, Test RMSE: 0.5665
Epoch 26/300, Train RMSE: 0.5514, Test RMSE: 0.5746
Epoch 27/300, Train RMSE: 0.5405, Test RMSE: 0.5649
Epoch 28/300, Train RMSE: 0.5192, Test RMSE: 0.5439
Epoch 29/300, Train RMSE: 0.5189, Test RMSE: 0.5443
Epoch 30/300, Train RMSE: 0.5093, Test RMSE: 0.5405
Epoch 31/300, Train RMSE: 0.5119, Test RMSE: 0.5235
Epoch 32/300, Train RMSE: 0.5306, Test RMSE: 0.5503
Epoch 33/300, Train RMSE: 0.5027, Test RMSE: 0.5312
Epoch 34/300, Train RMSE: 0.4845, Test RMSE: 0.5353
Epoch 35/300, Train RMSE: 0.4944, Test RMSE: 0.5336
Epoch 36/300, Train RMSE: 0.4889, Test RMSE: 0.5315
Epoch 37/300, Train RMSE: 0.4851, Test RMSE: 0.5254
Epoch 38/300, Train RMSE: 0.4759, Test RMSE: 0.5231
Epoch 39/300, Train RMSE: 0.4717, Test RMSE: 0.5417
Epoch 40/300, Train RMSE: 0.4747, Test RMSE: 0.5290
Epoch 41/300, Train RMSE: 0.4620, Test RMSE: 0.5177
Epoch 42/300, Train RMSE: 0.4567, Test RMSE: 0.5243
Epoch 43/300, Train RMSE: 0.4597, Test RMSE: 0.5662
Epoch 44/300, Train RMSE: 0.5519, Test RMSE: 0.5940
Epoch 45/300, Train RMSE: 0.4640, Test RMSE: 0.5136
Epoch 46/300, Train RMSE: 0.4458, Test RMSE: 0.5167
Epoch 47/300, Train RMSE: 0.4319, Test RMSE: 0.5112
Epoch 48/300, Train RMSE: 0.4396, Test RMSE: 0.5215
Epoch 49/300, Train RMSE: 0.4626, Test RMSE: 0.5204
Epoch 50/300, Train RMSE: 0.4777, Test RMSE: 0.5594
Epoch 51/300, Train RMSE: 0.4527, Test RMSE: 0.5276
Epoch 52/300, Train RMSE: 0.4318, Test RMSE: 0.5385
Epoch 53/300, Train RMSE: 0.4312, Test RMSE: 0.5152
Epoch 54/300, Train RMSE: 0.4221, Test RMSE: 0.5189
Epoch 55/300, Train RMSE: 0.4249, Test RMSE: 0.5584
Epoch 56/300, Train RMSE: 0.4230, Test RMSE: 0.5209
Epoch 57/300, Train RMSE: 0.4268, Test RMSE: 0.5128
Epoch 58/300, Train RMSE: 0.4109, Test RMSE: 0.5085
Epoch 59/300, Train RMSE: 0.4155, Test RMSE: 0.5349
Epoch 60/300, Train RMSE: 0.4081, Test RMSE: 0.5108
Epoch 61/300, Train RMSE: 0.4398, Test RMSE: 0.5349
Epoch 62/300, Train RMSE: 0.4188, Test RMSE: 0.5055
Epoch 63/300, Train RMSE: 0.3960, Test RMSE: 0.5133
Epoch 64/300, Train RMSE: 0.4020, Test RMSE: 0.5145
Epoch 65/300, Train RMSE: 0.3946, Test RMSE: 0.5023
Epoch 66/300, Train RMSE: 0.3921, Test RMSE: 0.5151
Epoch 67/300, Train RMSE: 0.3966, Test RMSE: 0.5039
Epoch 68/300, Train RMSE: 0.3907, Test RMSE: 0.5087
Epoch 69/300, Train RMSE: 0.3900, Test RMSE: 0.5165
Epoch 70/300, Train RMSE: 0.4278, Test RMSE: 0.5093
Epoch 71/300, Train RMSE: 0.3841, Test RMSE: 0.5152
Epoch 72/300, Train RMSE: 0.3795, Test RMSE: 0.5093
Epoch 73/300, Train RMSE: 0.3789, Test RMSE: 0.4997
Epoch 74/300, Train RMSE: 0.3885, Test RMSE: 0.4984
Epoch 75/300, Train RMSE: 0.3902, Test RMSE: 0.5122
Epoch 76/300, Train RMSE: 0.3835, Test RMSE: 0.5056
Epoch 77/300, Train RMSE: 0.3818, Test RMSE: 0.5282
Epoch 78/300, Train RMSE: 0.3720, Test RMSE: 0.5027
Epoch 79/300, Train RMSE: 0.3676, Test RMSE: 0.5051
Epoch 80/300, Train RMSE: 0.3611, Test RMSE: 0.5020
Epoch 81/300, Train RMSE: 0.3613, Test RMSE: 0.4988
Epoch 82/300, Train RMSE: 0.4224, Test RMSE: 0.5128
Epoch 83/300, Train RMSE: 0.3959, Test RMSE: 0.4942
Epoch 84/300, Train RMSE: 0.3568, Test RMSE: 0.4972
Epoch 85/300, Train RMSE: 0.3450, Test RMSE: 0.5134
Epoch 86/300, Train RMSE: 0.4074, Test RMSE: 0.5230
Epoch 87/300, Train RMSE: 0.3799, Test RMSE: 0.5059
Epoch 88/300, Train RMSE: 0.3811, Test RMSE: 0.5172
Epoch 89/300, Train RMSE: 0.3608, Test RMSE: 0.5059
Epoch 90/300, Train RMSE: 0.3475, Test RMSE: 0.5058
Epoch 91/300, Train RMSE: 0.3570, Test RMSE: 0.5025
Epoch 92/300, Train RMSE: 0.3466, Test RMSE: 0.4994
Epoch 93/300, Train RMSE: 0.3426, Test RMSE: 0.5155
Epoch 94/300, Train RMSE: 0.3473, Test RMSE: 0.5103
Epoch 95/300, Train RMSE: 0.3467, Test RMSE: 0.5073
Epoch 96/300, Train RMSE: 0.3396, Test RMSE: 0.5065
Epoch 97/300, Train RMSE: 0.3480, Test RMSE: 0.5178
Epoch 98/300, Train RMSE: 0.3461, Test RMSE: 0.5197
Epoch 99/300, Train RMSE: 0.3497, Test RMSE: 0.5106
Epoch 100/300, Train RMSE: 0.3414, Test RMSE: 0.5275
Epoch 101/300, Train RMSE: 0.3514, Test RMSE: 0.5118
Epoch 102/300, Train RMSE: 0.3378, Test RMSE: 0.5050
Epoch 103/300, Train RMSE: 0.3373, Test RMSE: 0.5058
⏹ Early stopping triggered.

✅ Saved all 17921 predictions to all_predicted_exp_values.csv

📘 Final Performance Metrics
----------------------------------------
Train MAE   : 0.2167
Test  MAE   : 0.3337
Train MSE   : 0.0860
Test  MSE   : 0.2442
Train RMSE  : 0.2932
Test  RMSE  : 0.4942
Train R²    : 0.9707
Test  R²    : 0.9140
----------------------------------------
Execution time: 12.06 minutes
Plots saved in: plots/act_pred_res_plot_hd.png
All predictions saved in: all_predicted_exp_values.csv
